// Vitest Snapshot v1

exports[`Modal > renders correctly 1`] = `<DocumentFragment />`;
