// Vitest Snapshot v1

exports[`TableColumnSort > renders correctly 1`] = `
<DocumentFragment>
  <div
    class="flex cursor-pointer flex-row items-center gap-1"
  >
    <div />
    <div
      class="visible"
    >
      <svg
        class="size-5"
        fill="none"
        stroke="currentColor"
        stroke-width="1.5"
        viewBox="0 0 24 24"
        xmlns="http://www.w3.org/2000/svg"
      >
        <path
          d="m19.5 8.25-7.5 7.5-7.5-7.5"
          stroke-linecap="round"
          stroke-linejoin="round"
        />
      </svg>
    </div>
  </div>
</DocumentFragment>
`;

exports[`TableColumnSort > renders correctly 2`] = `
<DocumentFragment>
  <div
    class="flex cursor-pointer flex-row items-center gap-1"
  >
    <div />
    <div
      class="invisible"
    >
      <svg
        class="size-5"
        fill="none"
        stroke="currentColor"
        stroke-width="1.5"
        viewBox="0 0 24 24"
        xmlns="http://www.w3.org/2000/svg"
      >
        <path
          d="m19.5 8.25-7.5 7.5-7.5-7.5"
          stroke-linecap="round"
          stroke-linejoin="round"
        />
      </svg>
    </div>
  </div>
</DocumentFragment>
`;
