// Vitest Snapshot v1

exports[`WaterSensorVis > renders correctly 1`] = `
<DocumentFragment>
  <div
    class="tooltip"
    id="tooltip"
  />
  <div
    class="w-full rounded border border-slate-300"
  >
    <div
      class="rounded rounded-b-none bg-slate-500 px-2 py-1 text-sm text-white"
    >
      <h3>
        Average river battery strength (%)
      </h3>
    </div>
    <div
      class="p-2 text-slate-400"
    >
      <svg
        height="250"
        id="barchart"
        width="0"
      >
        <svg
          preserveAspectRatio="none"
        >
          <g
            transform="translate(70,20)"
          >
            <g
              class="x-axis"
              fill="none"
              font-family="sans-serif"
              font-size="10"
              text-anchor="middle"
              transform="translate(0,NaN)"
            >
              <path
                class="domain"
                d="M0.5,6V0.5HNaNV6"
                stroke="currentColor"
              />
              <g
                class="tick"
                opacity="1"
                transform="translate(NaN,0)"
              >
                <line
                  stroke="currentColor"
                  y2="6"
                />
                <text
                  class="axis-label"
                  dx="1.5em"
                  dy=".5em"
                  fill="currentColor"
                  style="font-size: 12px; text-anchor: end;"
                  y="9"
                >
                  1...
                </text>
              </g>
              <g
                class="tick"
                opacity="1"
                transform="translate(NaN,0)"
              >
                <line
                  stroke="currentColor"
                  y2="6"
                />
                <text
                  class="axis-label"
                  dx="1.5em"
                  dy=".5em"
                  fill="currentColor"
                  style="font-size: 12px; text-anchor: end;"
                  y="9"
                >
                  2...
                </text>
              </g>
              <g
                class="tick"
                opacity="1"
                transform="translate(NaN,0)"
              >
                <line
                  stroke="currentColor"
                  y2="6"
                />
                <text
                  class="axis-label"
                  dx="1.5em"
                  dy=".5em"
                  fill="currentColor"
                  style="font-size: 12px; text-anchor: end;"
                  y="9"
                >
                  3...
                </text>
              </g>
            </g>
            <text
              class="x-axis-label"
              style="font-size: 11px;"
              text-anchor="end"
              x="NaN"
              y="NaN"
            >
              sensor identifier
            </text>
            <g
              class="y-axis"
              fill="none"
              font-family="sans-serif"
              font-size="10"
              style="font-size: 11px;"
              text-anchor="end"
            >
              <path
                class="domain"
                d="M-6,NaNH0.5V0.5H-6"
                stroke="currentColor"
              />
              <g
                class="tick"
                opacity="1"
                transform="translate(0,NaN)"
              >
                <line
                  stroke="currentColor"
                  x2="-6"
                />
                <text
                  class="axis-label"
                  dy="0.32em"
                  fill="currentColor"
                  x="-9"
                >
                  9.6
                </text>
              </g>
              <g
                class="tick"
                opacity="1"
                transform="translate(0,NaN)"
              >
                <line
                  stroke="currentColor"
                  x2="-6"
                />
                <text
                  class="axis-label"
                  dy="0.32em"
                  fill="currentColor"
                  x="-9"
                >
                  9.8
                </text>
              </g>
              <g
                class="tick"
                opacity="1"
                transform="translate(0,NaN)"
              >
                <line
                  stroke="currentColor"
                  x2="-6"
                />
                <text
                  class="axis-label"
                  dy="0.32em"
                  fill="currentColor"
                  x="-9"
                >
                  10.0
                </text>
              </g>
              <g
                class="tick"
                opacity="1"
                transform="translate(0,NaN)"
              >
                <line
                  stroke="currentColor"
                  x2="-6"
                />
                <text
                  class="axis-label"
                  dy="0.32em"
                  fill="currentColor"
                  x="-9"
                >
                  10.2
                </text>
              </g>
              <g
                class="tick"
                opacity="1"
                transform="translate(0,NaN)"
              >
                <line
                  stroke="currentColor"
                  x2="-6"
                />
                <text
                  class="axis-label"
                  dy="0.32em"
                  fill="currentColor"
                  x="-9"
                >
                  10.4
                </text>
              </g>
              <g
                class="tick"
                opacity="1"
                transform="translate(0,NaN)"
              >
                <line
                  stroke="currentColor"
                  x2="-6"
                />
                <text
                  class="axis-label"
                  dy="0.32em"
                  fill="currentColor"
                  x="-9"
                >
                  10.6
                </text>
              </g>
              <g
                class="tick"
                opacity="1"
                transform="translate(0,NaN)"
              >
                <line
                  stroke="currentColor"
                  x2="-6"
                />
                <text
                  class="axis-label"
                  dy="0.32em"
                  fill="currentColor"
                  x="-9"
                >
                  10.8
                </text>
              </g>
              <g
                class="tick"
                opacity="1"
                transform="translate(0,NaN)"
              >
                <line
                  stroke="currentColor"
                  x2="-6"
                />
                <text
                  class="axis-label"
                  dy="0.32em"
                  fill="currentColor"
                  x="-9"
                >
                  11.0
                </text>
              </g>
              <g
                class="tick"
                opacity="1"
                transform="translate(0,NaN)"
              >
                <line
                  stroke="currentColor"
                  x2="-6"
                />
                <text
                  class="axis-label"
                  dy="0.32em"
                  fill="currentColor"
                  x="-9"
                >
                  11.2
                </text>
              </g>
              <g
                class="tick"
                opacity="1"
                transform="translate(0,NaN)"
              >
                <line
                  stroke="currentColor"
                  x2="-6"
                />
                <text
                  class="axis-label"
                  dy="0.32em"
                  fill="currentColor"
                  x="-9"
                >
                  11.4
                </text>
              </g>
              <g
                class="tick"
                opacity="1"
                transform="translate(0,NaN)"
              >
                <line
                  stroke="currentColor"
                  x2="-6"
                />
                <text
                  class="axis-label"
                  dy="0.32em"
                  fill="currentColor"
                  x="-9"
                >
                  11.6
                </text>
              </g>
              <g
                class="tick"
                opacity="1"
                transform="translate(0,NaN)"
              >
                <line
                  stroke="currentColor"
                  x2="-6"
                />
                <text
                  class="axis-label"
                  dy="0.32em"
                  fill="currentColor"
                  x="-9"
                >
                  11.8
                </text>
              </g>
              <g
                class="tick"
                opacity="1"
                transform="translate(0,NaN)"
              >
                <line
                  stroke="currentColor"
                  x2="-6"
                />
                <text
                  class="axis-label"
                  dy="0.32em"
                  fill="currentColor"
                  x="-9"
                >
                  12.0
                </text>
              </g>
            </g>
            <text
              class="y-axis-label"
              style="font-size: 11px;"
              text-anchor="end"
              transform="rotate(-90)"
              x="10"
              y="-50"
            >
              battery strength (%)
            </text>
            <rect
              class="bar"
              fill="#0466c8"
              height="0"
              width="NaN"
              x="NaN"
              y="NaN"
            />
            <rect
              class="bar"
              fill="#0353a4"
              height="0"
              width="NaN"
              x="NaN"
              y="NaN"
            />
            <rect
              class="bar"
              fill="#023e7d"
              height="0"
              width="NaN"
              x="NaN"
              y="NaN"
            />
          </g>
        </svg>
      </svg>
      <p
        class="text-[11px] text-slate-400"
      >
        Mouseover the bars to see sensor information
      </p>
    </div>
  </div>
</DocumentFragment>
`;
